[2026-04-29T15:49:53.899+0000] {processor.py:161} INFO - Started process (PID=183) to work on /opt/airflow/dags/diesel_emissions_pipeline.py
[2026-04-29T15:49:53.901+0000] {processor.py:830} INFO - Processing file /opt/airflow/dags/diesel_emissions_pipeline.py for tasks to queue
[2026-04-29T15:49:53.904+0000] {logging_mixin.py:188} INFO - [2026-04-29T15:49:53.903+0000] {dagbag.py:545} INFO - Filling up the DagBag from /opt/airflow/dags/diesel_emissions_pipeline.py
[2026-04-29T15:49:53.964+0000] {processor.py:840} INFO - DAG(s) 'diesel_emissions_pipeline' retrieved from /opt/airflow/dags/diesel_emissions_pipeline.py
[2026-04-29T15:49:54.371+0000] {logging_mixin.py:188} INFO - [2026-04-29T15:49:54.370+0000] {override.py:1858} INFO - Created Permission View: can read on DAG:diesel_emissions_pipeline
[2026-04-29T15:49:54.387+0000] {logging_mixin.py:188} INFO - [2026-04-29T15:49:54.387+0000] {override.py:1858} INFO - Created Permission View: can edit on DAG:diesel_emissions_pipeline
[2026-04-29T15:49:54.398+0000] {logging_mixin.py:188} INFO - [2026-04-29T15:49:54.397+0000] {override.py:1858} INFO - Created Permission View: can delete on DAG:diesel_emissions_pipeline
[2026-04-29T15:49:54.399+0000] {logging_mixin.py:188} INFO - [2026-04-29T15:49:54.399+0000] {dag.py:3089} INFO - Sync 1 DAGs
[2026-04-29T15:49:54.414+0000] {logging_mixin.py:188} INFO - [2026-04-29T15:49:54.414+0000] {dag.py:3111} INFO - Creating ORM DAG for diesel_emissions_pipeline
[2026-04-29T15:49:54.430+0000] {logging_mixin.py:188} INFO - [2026-04-29T15:49:54.430+0000] {dag.py:3947} INFO - Setting next_dagrun for diesel_emissions_pipeline to 2026-04-28 06:00:00+00:00, run_after=2026-04-29 06:00:00+00:00
[2026-04-29T15:49:54.464+0000] {processor.py:183} INFO - Processing /opt/airflow/dags/diesel_emissions_pipeline.py took 0.575 seconds
[2026-04-29T15:50:24.753+0000] {processor.py:161} INFO - Started process (PID=206) to work on /opt/airflow/dags/diesel_emissions_pipeline.py
[2026-04-29T15:50:24.756+0000] {processor.py:830} INFO - Processing file /opt/airflow/dags/diesel_emissions_pipeline.py for tasks to queue
[2026-04-29T15:50:24.759+0000] {logging_mixin.py:188} INFO - [2026-04-29T15:50:24.759+0000] {dagbag.py:545} INFO - Filling up the DagBag from /opt/airflow/dags/diesel_emissions_pipeline.py
[2026-04-29T15:50:24.789+0000] {processor.py:840} INFO - DAG(s) 'diesel_emissions_pipeline' retrieved from /opt/airflow/dags/diesel_emissions_pipeline.py
[2026-04-29T15:50:24.834+0000] {logging_mixin.py:188} INFO - [2026-04-29T15:50:24.834+0000] {dag.py:3089} INFO - Sync 1 DAGs
[2026-04-29T15:50:24.866+0000] {logging_mixin.py:188} INFO - [2026-04-29T15:50:24.865+0000] {dag.py:3947} INFO - Setting next_dagrun for diesel_emissions_pipeline to 2026-04-28 06:00:00+00:00, run_after=2026-04-29 06:00:00+00:00
[2026-04-29T15:50:24.893+0000] {processor.py:183} INFO - Processing /opt/airflow/dags/diesel_emissions_pipeline.py took 0.148 seconds
[2026-04-29T15:50:55.020+0000] {processor.py:161} INFO - Started process (PID=217) to work on /opt/airflow/dags/diesel_emissions_pipeline.py
[2026-04-29T15:50:55.021+0000] {processor.py:830} INFO - Processing file /opt/airflow/dags/diesel_emissions_pipeline.py for tasks to queue
[2026-04-29T15:50:55.025+0000] {logging_mixin.py:188} INFO - [2026-04-29T15:50:55.024+0000] {dagbag.py:545} INFO - Filling up the DagBag from /opt/airflow/dags/diesel_emissions_pipeline.py
[2026-04-29T15:50:55.063+0000] {processor.py:840} INFO - DAG(s) 'diesel_emissions_pipeline' retrieved from /opt/airflow/dags/diesel_emissions_pipeline.py
[2026-04-29T15:50:55.119+0000] {logging_mixin.py:188} INFO - [2026-04-29T15:50:55.119+0000] {dag.py:3089} INFO - Sync 1 DAGs
[2026-04-29T15:50:55.161+0000] {logging_mixin.py:188} INFO - [2026-04-29T15:50:55.160+0000] {dag.py:3947} INFO - Setting next_dagrun for diesel_emissions_pipeline to 2026-04-28 06:00:00+00:00, run_after=2026-04-29 06:00:00+00:00
[2026-04-29T15:50:55.187+0000] {processor.py:183} INFO - Processing /opt/airflow/dags/diesel_emissions_pipeline.py took 0.179 seconds
[2026-04-29T15:51:25.507+0000] {processor.py:161} INFO - Started process (PID=228) to work on /opt/airflow/dags/diesel_emissions_pipeline.py
[2026-04-29T15:51:25.508+0000] {processor.py:830} INFO - Processing file /opt/airflow/dags/diesel_emissions_pipeline.py for tasks to queue
[2026-04-29T15:51:25.512+0000] {logging_mixin.py:188} INFO - [2026-04-29T15:51:25.511+0000] {dagbag.py:545} INFO - Filling up the DagBag from /opt/airflow/dags/diesel_emissions_pipeline.py
[2026-04-29T15:51:25.545+0000] {processor.py:840} INFO - DAG(s) 'diesel_emissions_pipeline' retrieved from /opt/airflow/dags/diesel_emissions_pipeline.py
[2026-04-29T15:51:25.595+0000] {logging_mixin.py:188} INFO - [2026-04-29T15:51:25.594+0000] {dag.py:3089} INFO - Sync 1 DAGs
[2026-04-29T15:51:25.630+0000] {logging_mixin.py:188} INFO - [2026-04-29T15:51:25.630+0000] {dag.py:3947} INFO - Setting next_dagrun for diesel_emissions_pipeline to 2026-04-28 06:00:00+00:00, run_after=2026-04-29 06:00:00+00:00
[2026-04-29T15:51:25.658+0000] {processor.py:183} INFO - Processing /opt/airflow/dags/diesel_emissions_pipeline.py took 0.161 seconds
[2026-04-29T15:51:55.982+0000] {processor.py:161} INFO - Started process (PID=239) to work on /opt/airflow/dags/diesel_emissions_pipeline.py
[2026-04-29T15:51:55.983+0000] {processor.py:830} INFO - Processing file /opt/airflow/dags/diesel_emissions_pipeline.py for tasks to queue
[2026-04-29T15:51:55.987+0000] {logging_mixin.py:188} INFO - [2026-04-29T15:51:55.986+0000] {dagbag.py:545} INFO - Filling up the DagBag from /opt/airflow/dags/diesel_emissions_pipeline.py
[2026-04-29T15:51:56.017+0000] {processor.py:840} INFO - DAG(s) 'diesel_emissions_pipeline' retrieved from /opt/airflow/dags/diesel_emissions_pipeline.py
[2026-04-29T15:51:56.062+0000] {logging_mixin.py:188} INFO - [2026-04-29T15:51:56.061+0000] {dag.py:3089} INFO - Sync 1 DAGs
[2026-04-29T15:51:56.100+0000] {logging_mixin.py:188} INFO - [2026-04-29T15:51:56.100+0000] {dag.py:3947} INFO - Setting next_dagrun for diesel_emissions_pipeline to 2026-04-28 06:00:00+00:00, run_after=2026-04-29 06:00:00+00:00
[2026-04-29T15:51:56.131+0000] {processor.py:183} INFO - Processing /opt/airflow/dags/diesel_emissions_pipeline.py took 0.158 seconds
[2026-04-29T15:52:26.427+0000] {processor.py:161} INFO - Started process (PID=250) to work on /opt/airflow/dags/diesel_emissions_pipeline.py
[2026-04-29T15:52:26.428+0000] {processor.py:830} INFO - Processing file /opt/airflow/dags/diesel_emissions_pipeline.py for tasks to queue
[2026-04-29T15:52:26.431+0000] {logging_mixin.py:188} INFO - [2026-04-29T15:52:26.431+0000] {dagbag.py:545} INFO - Filling up the DagBag from /opt/airflow/dags/diesel_emissions_pipeline.py
[2026-04-29T15:52:26.459+0000] {processor.py:840} INFO - DAG(s) 'diesel_emissions_pipeline' retrieved from /opt/airflow/dags/diesel_emissions_pipeline.py
[2026-04-29T15:52:26.505+0000] {logging_mixin.py:188} INFO - [2026-04-29T15:52:26.504+0000] {dag.py:3089} INFO - Sync 1 DAGs
[2026-04-29T15:52:26.536+0000] {logging_mixin.py:188} INFO - [2026-04-29T15:52:26.535+0000] {dag.py:3947} INFO - Setting next_dagrun for diesel_emissions_pipeline to 2026-04-28 06:00:00+00:00, run_after=2026-04-29 06:00:00+00:00
[2026-04-29T15:52:26.565+0000] {processor.py:183} INFO - Processing /opt/airflow/dags/diesel_emissions_pipeline.py took 0.146 seconds
[2026-04-29T15:52:56.832+0000] {processor.py:161} INFO - Started process (PID=261) to work on /opt/airflow/dags/diesel_emissions_pipeline.py
[2026-04-29T15:52:56.836+0000] {processor.py:830} INFO - Processing file /opt/airflow/dags/diesel_emissions_pipeline.py for tasks to queue
[2026-04-29T15:52:56.842+0000] {logging_mixin.py:188} INFO - [2026-04-29T15:52:56.842+0000] {dagbag.py:545} INFO - Filling up the DagBag from /opt/airflow/dags/diesel_emissions_pipeline.py
[2026-04-29T15:52:56.884+0000] {processor.py:840} INFO - DAG(s) 'diesel_emissions_pipeline' retrieved from /opt/airflow/dags/diesel_emissions_pipeline.py
[2026-04-29T15:52:56.978+0000] {logging_mixin.py:188} INFO - [2026-04-29T15:52:56.978+0000] {dag.py:3089} INFO - Sync 1 DAGs
[2026-04-29T15:52:57.029+0000] {logging_mixin.py:188} INFO - [2026-04-29T15:52:57.028+0000] {dag.py:3947} INFO - Setting next_dagrun for diesel_emissions_pipeline to 2026-04-28 06:00:00+00:00, run_after=2026-04-29 06:00:00+00:00
[2026-04-29T15:52:57.102+0000] {processor.py:183} INFO - Processing /opt/airflow/dags/diesel_emissions_pipeline.py took 0.281 seconds
[2026-04-29T15:53:27.268+0000] {processor.py:161} INFO - Started process (PID=273) to work on /opt/airflow/dags/diesel_emissions_pipeline.py
[2026-04-29T15:53:27.270+0000] {processor.py:830} INFO - Processing file /opt/airflow/dags/diesel_emissions_pipeline.py for tasks to queue
[2026-04-29T15:53:27.273+0000] {logging_mixin.py:188} INFO - [2026-04-29T15:53:27.273+0000] {dagbag.py:545} INFO - Filling up the DagBag from /opt/airflow/dags/diesel_emissions_pipeline.py
[2026-04-29T15:53:27.303+0000] {processor.py:840} INFO - DAG(s) 'diesel_emissions_pipeline' retrieved from /opt/airflow/dags/diesel_emissions_pipeline.py
[2026-04-29T15:53:27.355+0000] {logging_mixin.py:188} INFO - [2026-04-29T15:53:27.354+0000] {dag.py:3089} INFO - Sync 1 DAGs
[2026-04-29T15:53:27.390+0000] {logging_mixin.py:188} INFO - [2026-04-29T15:53:27.390+0000] {dag.py:3947} INFO - Setting next_dagrun for diesel_emissions_pipeline to 2026-04-28 06:00:00+00:00, run_after=2026-04-29 06:00:00+00:00
[2026-04-29T15:53:27.418+0000] {processor.py:183} INFO - Processing /opt/airflow/dags/diesel_emissions_pipeline.py took 0.158 seconds
[2026-04-29T15:53:57.829+0000] {processor.py:161} INFO - Started process (PID=284) to work on /opt/airflow/dags/diesel_emissions_pipeline.py
[2026-04-29T15:53:57.830+0000] {processor.py:830} INFO - Processing file /opt/airflow/dags/diesel_emissions_pipeline.py for tasks to queue
[2026-04-29T15:53:57.832+0000] {logging_mixin.py:188} INFO - [2026-04-29T15:53:57.832+0000] {dagbag.py:545} INFO - Filling up the DagBag from /opt/airflow/dags/diesel_emissions_pipeline.py
[2026-04-29T15:53:57.858+0000] {processor.py:840} INFO - DAG(s) 'diesel_emissions_pipeline' retrieved from /opt/airflow/dags/diesel_emissions_pipeline.py
[2026-04-29T15:53:57.934+0000] {logging_mixin.py:188} INFO - [2026-04-29T15:53:57.933+0000] {dag.py:3089} INFO - Sync 1 DAGs
[2026-04-29T15:53:58.008+0000] {logging_mixin.py:188} INFO - [2026-04-29T15:53:58.008+0000] {dag.py:3947} INFO - Setting next_dagrun for diesel_emissions_pipeline to 2026-04-28 06:00:00+00:00, run_after=2026-04-29 06:00:00+00:00
[2026-04-29T15:53:58.040+0000] {processor.py:183} INFO - Processing /opt/airflow/dags/diesel_emissions_pipeline.py took 0.218 seconds
[2026-04-29T15:54:28.121+0000] {processor.py:161} INFO - Started process (PID=295) to work on /opt/airflow/dags/diesel_emissions_pipeline.py
[2026-04-29T15:54:28.122+0000] {processor.py:830} INFO - Processing file /opt/airflow/dags/diesel_emissions_pipeline.py for tasks to queue
[2026-04-29T15:54:28.124+0000] {logging_mixin.py:188} INFO - [2026-04-29T15:54:28.124+0000] {dagbag.py:545} INFO - Filling up the DagBag from /opt/airflow/dags/diesel_emissions_pipeline.py
[2026-04-29T15:54:28.151+0000] {processor.py:840} INFO - DAG(s) 'diesel_emissions_pipeline' retrieved from /opt/airflow/dags/diesel_emissions_pipeline.py
[2026-04-29T15:54:28.204+0000] {logging_mixin.py:188} INFO - [2026-04-29T15:54:28.203+0000] {dag.py:3089} INFO - Sync 1 DAGs
[2026-04-29T15:54:28.245+0000] {logging_mixin.py:188} INFO - [2026-04-29T15:54:28.245+0000] {dag.py:3947} INFO - Setting next_dagrun for diesel_emissions_pipeline to 2026-04-28 06:00:00+00:00, run_after=2026-04-29 06:00:00+00:00
[2026-04-29T15:54:28.289+0000] {processor.py:183} INFO - Processing /opt/airflow/dags/diesel_emissions_pipeline.py took 0.176 seconds
[2026-04-29T15:54:58.480+0000] {processor.py:161} INFO - Started process (PID=306) to work on /opt/airflow/dags/diesel_emissions_pipeline.py
[2026-04-29T15:54:58.482+0000] {processor.py:830} INFO - Processing file /opt/airflow/dags/diesel_emissions_pipeline.py for tasks to queue
[2026-04-29T15:54:58.485+0000] {logging_mixin.py:188} INFO - [2026-04-29T15:54:58.484+0000] {dagbag.py:545} INFO - Filling up the DagBag from /opt/airflow/dags/diesel_emissions_pipeline.py
[2026-04-29T15:54:58.520+0000] {processor.py:840} INFO - DAG(s) 'diesel_emissions_pipeline' retrieved from /opt/airflow/dags/diesel_emissions_pipeline.py
[2026-04-29T15:54:58.575+0000] {logging_mixin.py:188} INFO - [2026-04-29T15:54:58.575+0000] {dag.py:3089} INFO - Sync 1 DAGs
[2026-04-29T15:54:58.613+0000] {logging_mixin.py:188} INFO - [2026-04-29T15:54:58.612+0000] {dag.py:3947} INFO - Setting next_dagrun for diesel_emissions_pipeline to 2026-04-28 06:00:00+00:00, run_after=2026-04-29 06:00:00+00:00
[2026-04-29T15:54:58.641+0000] {processor.py:183} INFO - Processing /opt/airflow/dags/diesel_emissions_pipeline.py took 0.170 seconds
[2026-04-29T15:55:28.992+0000] {processor.py:161} INFO - Started process (PID=317) to work on /opt/airflow/dags/diesel_emissions_pipeline.py
[2026-04-29T15:55:28.993+0000] {processor.py:830} INFO - Processing file /opt/airflow/dags/diesel_emissions_pipeline.py for tasks to queue
[2026-04-29T15:55:28.998+0000] {logging_mixin.py:188} INFO - [2026-04-29T15:55:28.996+0000] {dagbag.py:545} INFO - Filling up the DagBag from /opt/airflow/dags/diesel_emissions_pipeline.py
[2026-04-29T15:55:29.027+0000] {processor.py:840} INFO - DAG(s) 'diesel_emissions_pipeline' retrieved from /opt/airflow/dags/diesel_emissions_pipeline.py
[2026-04-29T15:55:29.105+0000] {logging_mixin.py:188} INFO - [2026-04-29T15:55:29.105+0000] {dag.py:3089} INFO - Sync 1 DAGs
[2026-04-29T15:55:29.169+0000] {logging_mixin.py:188} INFO - [2026-04-29T15:55:29.168+0000] {dag.py:3947} INFO - Setting next_dagrun for diesel_emissions_pipeline to 2026-04-28 06:00:00+00:00, run_after=2026-04-29 06:00:00+00:00
[2026-04-29T15:55:29.201+0000] {processor.py:183} INFO - Processing /opt/airflow/dags/diesel_emissions_pipeline.py took 0.216 seconds
[2026-04-29T15:55:59.381+0000] {processor.py:161} INFO - Started process (PID=328) to work on /opt/airflow/dags/diesel_emissions_pipeline.py
[2026-04-29T15:55:59.383+0000] {processor.py:830} INFO - Processing file /opt/airflow/dags/diesel_emissions_pipeline.py for tasks to queue
[2026-04-29T15:55:59.385+0000] {logging_mixin.py:188} INFO - [2026-04-29T15:55:59.385+0000] {dagbag.py:545} INFO - Filling up the DagBag from /opt/airflow/dags/diesel_emissions_pipeline.py
[2026-04-29T15:55:59.412+0000] {processor.py:840} INFO - DAG(s) 'diesel_emissions_pipeline' retrieved from /opt/airflow/dags/diesel_emissions_pipeline.py
[2026-04-29T15:55:59.459+0000] {logging_mixin.py:188} INFO - [2026-04-29T15:55:59.459+0000] {dag.py:3089} INFO - Sync 1 DAGs
[2026-04-29T15:55:59.491+0000] {logging_mixin.py:188} INFO - [2026-04-29T15:55:59.491+0000] {dag.py:3947} INFO - Setting next_dagrun for diesel_emissions_pipeline to 2026-04-28 06:00:00+00:00, run_after=2026-04-29 06:00:00+00:00
[2026-04-29T15:55:59.518+0000] {processor.py:183} INFO - Processing /opt/airflow/dags/diesel_emissions_pipeline.py took 0.144 seconds
[2026-04-29T15:56:29.805+0000] {processor.py:161} INFO - Started process (PID=339) to work on /opt/airflow/dags/diesel_emissions_pipeline.py
[2026-04-29T15:56:29.806+0000] {processor.py:830} INFO - Processing file /opt/airflow/dags/diesel_emissions_pipeline.py for tasks to queue
[2026-04-29T15:56:29.809+0000] {logging_mixin.py:188} INFO - [2026-04-29T15:56:29.808+0000] {dagbag.py:545} INFO - Filling up the DagBag from /opt/airflow/dags/diesel_emissions_pipeline.py
[2026-04-29T15:56:29.834+0000] {processor.py:840} INFO - DAG(s) 'diesel_emissions_pipeline' retrieved from /opt/airflow/dags/diesel_emissions_pipeline.py
[2026-04-29T15:56:29.879+0000] {logging_mixin.py:188} INFO - [2026-04-29T15:56:29.878+0000] {dag.py:3089} INFO - Sync 1 DAGs
[2026-04-29T15:56:29.908+0000] {logging_mixin.py:188} INFO - [2026-04-29T15:56:29.908+0000] {dag.py:3947} INFO - Setting next_dagrun for diesel_emissions_pipeline to 2026-04-28 06:00:00+00:00, run_after=2026-04-29 06:00:00+00:00
[2026-04-29T15:56:29.937+0000] {processor.py:183} INFO - Processing /opt/airflow/dags/diesel_emissions_pipeline.py took 0.139 seconds
[2026-04-29T15:57:00.230+0000] {processor.py:161} INFO - Started process (PID=350) to work on /opt/airflow/dags/diesel_emissions_pipeline.py
[2026-04-29T15:57:00.231+0000] {processor.py:830} INFO - Processing file /opt/airflow/dags/diesel_emissions_pipeline.py for tasks to queue
[2026-04-29T15:57:00.234+0000] {logging_mixin.py:188} INFO - [2026-04-29T15:57:00.233+0000] {dagbag.py:545} INFO - Filling up the DagBag from /opt/airflow/dags/diesel_emissions_pipeline.py
[2026-04-29T15:57:00.261+0000] {processor.py:840} INFO - DAG(s) 'diesel_emissions_pipeline' retrieved from /opt/airflow/dags/diesel_emissions_pipeline.py
[2026-04-29T15:57:00.304+0000] {logging_mixin.py:188} INFO - [2026-04-29T15:57:00.303+0000] {dag.py:3089} INFO - Sync 1 DAGs
[2026-04-29T15:57:00.333+0000] {logging_mixin.py:188} INFO - [2026-04-29T15:57:00.333+0000] {dag.py:3947} INFO - Setting next_dagrun for diesel_emissions_pipeline to 2026-04-28 06:00:00+00:00, run_after=2026-04-29 06:00:00+00:00
[2026-04-29T15:57:00.359+0000] {processor.py:183} INFO - Processing /opt/airflow/dags/diesel_emissions_pipeline.py took 0.136 seconds
[2026-04-29T15:57:30.488+0000] {processor.py:161} INFO - Started process (PID=361) to work on /opt/airflow/dags/diesel_emissions_pipeline.py
[2026-04-29T15:57:30.489+0000] {processor.py:830} INFO - Processing file /opt/airflow/dags/diesel_emissions_pipeline.py for tasks to queue
[2026-04-29T15:57:30.491+0000] {logging_mixin.py:188} INFO - [2026-04-29T15:57:30.491+0000] {dagbag.py:545} INFO - Filling up the DagBag from /opt/airflow/dags/diesel_emissions_pipeline.py
[2026-04-29T15:57:30.516+0000] {processor.py:840} INFO - DAG(s) 'diesel_emissions_pipeline' retrieved from /opt/airflow/dags/diesel_emissions_pipeline.py
[2026-04-29T15:57:30.533+0000] {logging_mixin.py:188} INFO - [2026-04-29T15:57:30.533+0000] {dag.py:3089} INFO - Sync 1 DAGs
[2026-04-29T15:57:30.560+0000] {logging_mixin.py:188} INFO - [2026-04-29T15:57:30.559+0000] {dag.py:3947} INFO - Setting next_dagrun for diesel_emissions_pipeline to 2026-04-28 06:00:00+00:00, run_after=2026-04-29 06:00:00+00:00
[2026-04-29T15:57:30.585+0000] {processor.py:183} INFO - Processing /opt/airflow/dags/diesel_emissions_pipeline.py took 0.104 seconds
[2026-04-29T15:58:00.752+0000] {processor.py:161} INFO - Started process (PID=372) to work on /opt/airflow/dags/diesel_emissions_pipeline.py
[2026-04-29T15:58:00.753+0000] {processor.py:830} INFO - Processing file /opt/airflow/dags/diesel_emissions_pipeline.py for tasks to queue
[2026-04-29T15:58:00.756+0000] {logging_mixin.py:188} INFO - [2026-04-29T15:58:00.755+0000] {dagbag.py:545} INFO - Filling up the DagBag from /opt/airflow/dags/diesel_emissions_pipeline.py
[2026-04-29T15:58:00.782+0000] {processor.py:840} INFO - DAG(s) 'diesel_emissions_pipeline' retrieved from /opt/airflow/dags/diesel_emissions_pipeline.py
[2026-04-29T15:58:01.096+0000] {logging_mixin.py:188} INFO - [2026-04-29T15:58:01.096+0000] {dag.py:3089} INFO - Sync 1 DAGs
[2026-04-29T15:58:01.146+0000] {logging_mixin.py:188} INFO - [2026-04-29T15:58:01.146+0000] {dag.py:3947} INFO - Setting next_dagrun for diesel_emissions_pipeline to 2026-04-28 06:00:00+00:00, run_after=2026-04-29 06:00:00+00:00
[2026-04-29T15:58:01.178+0000] {processor.py:183} INFO - Processing /opt/airflow/dags/diesel_emissions_pipeline.py took 0.434 seconds
[2026-04-29T15:58:31.582+0000] {processor.py:161} INFO - Started process (PID=383) to work on /opt/airflow/dags/diesel_emissions_pipeline.py
[2026-04-29T15:58:31.584+0000] {processor.py:830} INFO - Processing file /opt/airflow/dags/diesel_emissions_pipeline.py for tasks to queue
[2026-04-29T15:58:31.587+0000] {logging_mixin.py:188} INFO - [2026-04-29T15:58:31.586+0000] {dagbag.py:545} INFO - Filling up the DagBag from /opt/airflow/dags/diesel_emissions_pipeline.py
[2026-04-29T15:58:31.615+0000] {processor.py:840} INFO - DAG(s) 'diesel_emissions_pipeline' retrieved from /opt/airflow/dags/diesel_emissions_pipeline.py
[2026-04-29T15:58:31.660+0000] {logging_mixin.py:188} INFO - [2026-04-29T15:58:31.659+0000] {dag.py:3089} INFO - Sync 1 DAGs
[2026-04-29T15:58:31.719+0000] {logging_mixin.py:188} INFO - [2026-04-29T15:58:31.719+0000] {dag.py:3947} INFO - Setting next_dagrun for diesel_emissions_pipeline to 2026-04-28 06:00:00+00:00, run_after=2026-04-29 06:00:00+00:00
[2026-04-29T15:58:31.811+0000] {processor.py:183} INFO - Processing /opt/airflow/dags/diesel_emissions_pipeline.py took 0.237 seconds
[2026-04-29T15:59:02.230+0000] {processor.py:161} INFO - Started process (PID=394) to work on /opt/airflow/dags/diesel_emissions_pipeline.py
[2026-04-29T15:59:02.232+0000] {processor.py:830} INFO - Processing file /opt/airflow/dags/diesel_emissions_pipeline.py for tasks to queue
[2026-04-29T15:59:02.235+0000] {logging_mixin.py:188} INFO - [2026-04-29T15:59:02.234+0000] {dagbag.py:545} INFO - Filling up the DagBag from /opt/airflow/dags/diesel_emissions_pipeline.py
[2026-04-29T15:59:02.267+0000] {processor.py:840} INFO - DAG(s) 'diesel_emissions_pipeline' retrieved from /opt/airflow/dags/diesel_emissions_pipeline.py
[2026-04-29T15:59:02.310+0000] {logging_mixin.py:188} INFO - [2026-04-29T15:59:02.310+0000] {dag.py:3089} INFO - Sync 1 DAGs
[2026-04-29T15:59:02.342+0000] {logging_mixin.py:188} INFO - [2026-04-29T15:59:02.342+0000] {dag.py:3947} INFO - Setting next_dagrun for diesel_emissions_pipeline to 2026-04-28 06:00:00+00:00, run_after=2026-04-29 06:00:00+00:00
[2026-04-29T15:59:02.366+0000] {processor.py:183} INFO - Processing /opt/airflow/dags/diesel_emissions_pipeline.py took 0.147 seconds
[2026-04-29T15:59:32.615+0000] {processor.py:161} INFO - Started process (PID=405) to work on /opt/airflow/dags/diesel_emissions_pipeline.py
[2026-04-29T15:59:32.617+0000] {processor.py:830} INFO - Processing file /opt/airflow/dags/diesel_emissions_pipeline.py for tasks to queue
[2026-04-29T15:59:32.620+0000] {logging_mixin.py:188} INFO - [2026-04-29T15:59:32.619+0000] {dagbag.py:545} INFO - Filling up the DagBag from /opt/airflow/dags/diesel_emissions_pipeline.py
[2026-04-29T15:59:32.648+0000] {processor.py:840} INFO - DAG(s) 'diesel_emissions_pipeline' retrieved from /opt/airflow/dags/diesel_emissions_pipeline.py
[2026-04-29T15:59:32.692+0000] {logging_mixin.py:188} INFO - [2026-04-29T15:59:32.692+0000] {dag.py:3089} INFO - Sync 1 DAGs
[2026-04-29T15:59:32.721+0000] {logging_mixin.py:188} INFO - [2026-04-29T15:59:32.720+0000] {dag.py:3947} INFO - Setting next_dagrun for diesel_emissions_pipeline to 2026-04-28 06:00:00+00:00, run_after=2026-04-29 06:00:00+00:00
[2026-04-29T15:59:32.751+0000] {processor.py:183} INFO - Processing /opt/airflow/dags/diesel_emissions_pipeline.py took 0.145 seconds
[2026-04-29T16:00:03.155+0000] {processor.py:161} INFO - Started process (PID=416) to work on /opt/airflow/dags/diesel_emissions_pipeline.py
[2026-04-29T16:00:03.156+0000] {processor.py:830} INFO - Processing file /opt/airflow/dags/diesel_emissions_pipeline.py for tasks to queue
[2026-04-29T16:00:03.158+0000] {logging_mixin.py:188} INFO - [2026-04-29T16:00:03.158+0000] {dagbag.py:545} INFO - Filling up the DagBag from /opt/airflow/dags/diesel_emissions_pipeline.py
[2026-04-29T16:00:03.189+0000] {processor.py:840} INFO - DAG(s) 'diesel_emissions_pipeline' retrieved from /opt/airflow/dags/diesel_emissions_pipeline.py
[2026-04-29T16:00:03.233+0000] {logging_mixin.py:188} INFO - [2026-04-29T16:00:03.232+0000] {dag.py:3089} INFO - Sync 1 DAGs
[2026-04-29T16:00:03.263+0000] {logging_mixin.py:188} INFO - [2026-04-29T16:00:03.262+0000] {dag.py:3947} INFO - Setting next_dagrun for diesel_emissions_pipeline to 2026-04-28 06:00:00+00:00, run_after=2026-04-29 06:00:00+00:00
[2026-04-29T16:00:03.291+0000] {processor.py:183} INFO - Processing /opt/airflow/dags/diesel_emissions_pipeline.py took 0.142 seconds
[2026-04-29T16:00:33.534+0000] {processor.py:161} INFO - Started process (PID=427) to work on /opt/airflow/dags/diesel_emissions_pipeline.py
[2026-04-29T16:00:33.536+0000] {processor.py:830} INFO - Processing file /opt/airflow/dags/diesel_emissions_pipeline.py for tasks to queue
[2026-04-29T16:00:33.539+0000] {logging_mixin.py:188} INFO - [2026-04-29T16:00:33.538+0000] {dagbag.py:545} INFO - Filling up the DagBag from /opt/airflow/dags/diesel_emissions_pipeline.py
[2026-04-29T16:00:33.568+0000] {processor.py:840} INFO - DAG(s) 'diesel_emissions_pipeline' retrieved from /opt/airflow/dags/diesel_emissions_pipeline.py
[2026-04-29T16:00:33.617+0000] {logging_mixin.py:188} INFO - [2026-04-29T16:00:33.617+0000] {dag.py:3089} INFO - Sync 1 DAGs
[2026-04-29T16:00:33.649+0000] {logging_mixin.py:188} INFO - [2026-04-29T16:00:33.648+0000] {dag.py:3947} INFO - Setting next_dagrun for diesel_emissions_pipeline to 2026-04-28 06:00:00+00:00, run_after=2026-04-29 06:00:00+00:00
[2026-04-29T16:00:33.682+0000] {processor.py:183} INFO - Processing /opt/airflow/dags/diesel_emissions_pipeline.py took 0.158 seconds
[2026-04-29T16:01:03.940+0000] {processor.py:161} INFO - Started process (PID=438) to work on /opt/airflow/dags/diesel_emissions_pipeline.py
[2026-04-29T16:01:03.941+0000] {processor.py:830} INFO - Processing file /opt/airflow/dags/diesel_emissions_pipeline.py for tasks to queue
[2026-04-29T16:01:03.944+0000] {logging_mixin.py:188} INFO - [2026-04-29T16:01:03.943+0000] {dagbag.py:545} INFO - Filling up the DagBag from /opt/airflow/dags/diesel_emissions_pipeline.py
[2026-04-29T16:01:03.973+0000] {processor.py:840} INFO - DAG(s) 'diesel_emissions_pipeline' retrieved from /opt/airflow/dags/diesel_emissions_pipeline.py
[2026-04-29T16:01:04.020+0000] {logging_mixin.py:188} INFO - [2026-04-29T16:01:04.020+0000] {dag.py:3089} INFO - Sync 1 DAGs
[2026-04-29T16:01:04.052+0000] {logging_mixin.py:188} INFO - [2026-04-29T16:01:04.051+0000] {dag.py:3947} INFO - Setting next_dagrun for diesel_emissions_pipeline to 2026-04-28 06:00:00+00:00, run_after=2026-04-29 06:00:00+00:00
[2026-04-29T16:01:04.079+0000] {processor.py:183} INFO - Processing /opt/airflow/dags/diesel_emissions_pipeline.py took 0.146 seconds
[2026-04-29T16:01:34.374+0000] {processor.py:161} INFO - Started process (PID=449) to work on /opt/airflow/dags/diesel_emissions_pipeline.py
[2026-04-29T16:01:34.375+0000] {processor.py:830} INFO - Processing file /opt/airflow/dags/diesel_emissions_pipeline.py for tasks to queue
[2026-04-29T16:01:34.379+0000] {logging_mixin.py:188} INFO - [2026-04-29T16:01:34.378+0000] {dagbag.py:545} INFO - Filling up the DagBag from /opt/airflow/dags/diesel_emissions_pipeline.py
[2026-04-29T16:01:34.407+0000] {processor.py:840} INFO - DAG(s) 'diesel_emissions_pipeline' retrieved from /opt/airflow/dags/diesel_emissions_pipeline.py
[2026-04-29T16:01:34.450+0000] {logging_mixin.py:188} INFO - [2026-04-29T16:01:34.450+0000] {dag.py:3089} INFO - Sync 1 DAGs
[2026-04-29T16:01:34.480+0000] {logging_mixin.py:188} INFO - [2026-04-29T16:01:34.480+0000] {dag.py:3947} INFO - Setting next_dagrun for diesel_emissions_pipeline to 2026-04-28 06:00:00+00:00, run_after=2026-04-29 06:00:00+00:00
[2026-04-29T16:01:34.508+0000] {processor.py:183} INFO - Processing /opt/airflow/dags/diesel_emissions_pipeline.py took 0.142 seconds
[2026-04-29T16:02:04.835+0000] {processor.py:161} INFO - Started process (PID=460) to work on /opt/airflow/dags/diesel_emissions_pipeline.py
[2026-04-29T16:02:04.836+0000] {processor.py:830} INFO - Processing file /opt/airflow/dags/diesel_emissions_pipeline.py for tasks to queue
[2026-04-29T16:02:04.839+0000] {logging_mixin.py:188} INFO - [2026-04-29T16:02:04.839+0000] {dagbag.py:545} INFO - Filling up the DagBag from /opt/airflow/dags/diesel_emissions_pipeline.py
[2026-04-29T16:02:04.871+0000] {processor.py:840} INFO - DAG(s) 'diesel_emissions_pipeline' retrieved from /opt/airflow/dags/diesel_emissions_pipeline.py
[2026-04-29T16:02:04.920+0000] {logging_mixin.py:188} INFO - [2026-04-29T16:02:04.919+0000] {dag.py:3089} INFO - Sync 1 DAGs
[2026-04-29T16:02:04.954+0000] {logging_mixin.py:188} INFO - [2026-04-29T16:02:04.953+0000] {dag.py:3947} INFO - Setting next_dagrun for diesel_emissions_pipeline to 2026-04-28 06:00:00+00:00, run_after=2026-04-29 06:00:00+00:00
[2026-04-29T16:02:04.985+0000] {processor.py:183} INFO - Processing /opt/airflow/dags/diesel_emissions_pipeline.py took 0.157 seconds
[2026-04-29T16:02:35.267+0000] {processor.py:161} INFO - Started process (PID=471) to work on /opt/airflow/dags/diesel_emissions_pipeline.py
[2026-04-29T16:02:35.269+0000] {processor.py:830} INFO - Processing file /opt/airflow/dags/diesel_emissions_pipeline.py for tasks to queue
[2026-04-29T16:02:35.273+0000] {logging_mixin.py:188} INFO - [2026-04-29T16:02:35.272+0000] {dagbag.py:545} INFO - Filling up the DagBag from /opt/airflow/dags/diesel_emissions_pipeline.py
[2026-04-29T16:02:35.302+0000] {processor.py:840} INFO - DAG(s) 'diesel_emissions_pipeline' retrieved from /opt/airflow/dags/diesel_emissions_pipeline.py
[2026-04-29T16:02:35.349+0000] {logging_mixin.py:188} INFO - [2026-04-29T16:02:35.349+0000] {dag.py:3089} INFO - Sync 1 DAGs
[2026-04-29T16:02:35.380+0000] {logging_mixin.py:188} INFO - [2026-04-29T16:02:35.380+0000] {dag.py:3947} INFO - Setting next_dagrun for diesel_emissions_pipeline to 2026-04-28 06:00:00+00:00, run_after=2026-04-29 06:00:00+00:00
[2026-04-29T16:02:35.418+0000] {processor.py:183} INFO - Processing /opt/airflow/dags/diesel_emissions_pipeline.py took 0.160 seconds
[2026-04-29T16:03:05.632+0000] {processor.py:161} INFO - Started process (PID=482) to work on /opt/airflow/dags/diesel_emissions_pipeline.py
[2026-04-29T16:03:05.634+0000] {processor.py:830} INFO - Processing file /opt/airflow/dags/diesel_emissions_pipeline.py for tasks to queue
[2026-04-29T16:03:05.636+0000] {logging_mixin.py:188} INFO - [2026-04-29T16:03:05.636+0000] {dagbag.py:545} INFO - Filling up the DagBag from /opt/airflow/dags/diesel_emissions_pipeline.py
[2026-04-29T16:03:05.667+0000] {processor.py:840} INFO - DAG(s) 'diesel_emissions_pipeline' retrieved from /opt/airflow/dags/diesel_emissions_pipeline.py
[2026-04-29T16:03:05.734+0000] {logging_mixin.py:188} INFO - [2026-04-29T16:03:05.734+0000] {dag.py:3089} INFO - Sync 1 DAGs
[2026-04-29T16:03:05.765+0000] {logging_mixin.py:188} INFO - [2026-04-29T16:03:05.765+0000] {dag.py:3947} INFO - Setting next_dagrun for diesel_emissions_pipeline to 2026-04-28 06:00:00+00:00, run_after=2026-04-29 06:00:00+00:00
[2026-04-29T16:03:05.806+0000] {processor.py:183} INFO - Processing /opt/airflow/dags/diesel_emissions_pipeline.py took 0.181 seconds
[2026-04-29T16:03:36.157+0000] {processor.py:161} INFO - Started process (PID=493) to work on /opt/airflow/dags/diesel_emissions_pipeline.py
[2026-04-29T16:03:36.158+0000] {processor.py:830} INFO - Processing file /opt/airflow/dags/diesel_emissions_pipeline.py for tasks to queue
[2026-04-29T16:03:36.163+0000] {logging_mixin.py:188} INFO - [2026-04-29T16:03:36.162+0000] {dagbag.py:545} INFO - Filling up the DagBag from /opt/airflow/dags/diesel_emissions_pipeline.py
[2026-04-29T16:03:36.191+0000] {processor.py:840} INFO - DAG(s) 'diesel_emissions_pipeline' retrieved from /opt/airflow/dags/diesel_emissions_pipeline.py
[2026-04-29T16:03:36.237+0000] {logging_mixin.py:188} INFO - [2026-04-29T16:03:36.237+0000] {dag.py:3089} INFO - Sync 1 DAGs
[2026-04-29T16:03:36.269+0000] {logging_mixin.py:188} INFO - [2026-04-29T16:03:36.269+0000] {dag.py:3947} INFO - Setting next_dagrun for diesel_emissions_pipeline to 2026-04-28 06:00:00+00:00, run_after=2026-04-29 06:00:00+00:00
[2026-04-29T16:03:36.296+0000] {processor.py:183} INFO - Processing /opt/airflow/dags/diesel_emissions_pipeline.py took 0.149 seconds
[2026-04-29T16:04:06.480+0000] {processor.py:161} INFO - Started process (PID=504) to work on /opt/airflow/dags/diesel_emissions_pipeline.py
[2026-04-29T16:04:06.483+0000] {processor.py:830} INFO - Processing file /opt/airflow/dags/diesel_emissions_pipeline.py for tasks to queue
[2026-04-29T16:04:06.489+0000] {logging_mixin.py:188} INFO - [2026-04-29T16:04:06.488+0000] {dagbag.py:545} INFO - Filling up the DagBag from /opt/airflow/dags/diesel_emissions_pipeline.py
[2026-04-29T16:04:06.523+0000] {processor.py:840} INFO - DAG(s) 'diesel_emissions_pipeline' retrieved from /opt/airflow/dags/diesel_emissions_pipeline.py
[2026-04-29T16:04:06.573+0000] {logging_mixin.py:188} INFO - [2026-04-29T16:04:06.573+0000] {dag.py:3089} INFO - Sync 1 DAGs
[2026-04-29T16:04:06.605+0000] {logging_mixin.py:188} INFO - [2026-04-29T16:04:06.605+0000] {dag.py:3947} INFO - Setting next_dagrun for diesel_emissions_pipeline to 2026-04-28 06:00:00+00:00, run_after=2026-04-29 06:00:00+00:00
[2026-04-29T16:04:06.636+0000] {processor.py:183} INFO - Processing /opt/airflow/dags/diesel_emissions_pipeline.py took 0.166 seconds
[2026-04-29T16:04:37.041+0000] {processor.py:161} INFO - Started process (PID=515) to work on /opt/airflow/dags/diesel_emissions_pipeline.py
[2026-04-29T16:04:37.042+0000] {processor.py:830} INFO - Processing file /opt/airflow/dags/diesel_emissions_pipeline.py for tasks to queue
[2026-04-29T16:04:37.048+0000] {logging_mixin.py:188} INFO - [2026-04-29T16:04:37.047+0000] {dagbag.py:545} INFO - Filling up the DagBag from /opt/airflow/dags/diesel_emissions_pipeline.py
[2026-04-29T16:04:37.079+0000] {processor.py:840} INFO - DAG(s) 'diesel_emissions_pipeline' retrieved from /opt/airflow/dags/diesel_emissions_pipeline.py
[2026-04-29T16:04:37.126+0000] {logging_mixin.py:188} INFO - [2026-04-29T16:04:37.126+0000] {dag.py:3089} INFO - Sync 1 DAGs
[2026-04-29T16:04:37.159+0000] {logging_mixin.py:188} INFO - [2026-04-29T16:04:37.158+0000] {dag.py:3947} INFO - Setting next_dagrun for diesel_emissions_pipeline to 2026-04-28 06:00:00+00:00, run_after=2026-04-29 06:00:00+00:00
[2026-04-29T16:04:37.187+0000] {processor.py:183} INFO - Processing /opt/airflow/dags/diesel_emissions_pipeline.py took 0.157 seconds
[2026-04-29T16:05:07.432+0000] {processor.py:161} INFO - Started process (PID=526) to work on /opt/airflow/dags/diesel_emissions_pipeline.py
[2026-04-29T16:05:07.433+0000] {processor.py:830} INFO - Processing file /opt/airflow/dags/diesel_emissions_pipeline.py for tasks to queue
[2026-04-29T16:05:07.436+0000] {logging_mixin.py:188} INFO - [2026-04-29T16:05:07.436+0000] {dagbag.py:545} INFO - Filling up the DagBag from /opt/airflow/dags/diesel_emissions_pipeline.py
[2026-04-29T16:05:07.462+0000] {processor.py:840} INFO - DAG(s) 'diesel_emissions_pipeline' retrieved from /opt/airflow/dags/diesel_emissions_pipeline.py
[2026-04-29T16:05:07.508+0000] {logging_mixin.py:188} INFO - [2026-04-29T16:05:07.507+0000] {dag.py:3089} INFO - Sync 1 DAGs
[2026-04-29T16:05:07.538+0000] {logging_mixin.py:188} INFO - [2026-04-29T16:05:07.538+0000] {dag.py:3947} INFO - Setting next_dagrun for diesel_emissions_pipeline to 2026-04-28 06:00:00+00:00, run_after=2026-04-29 06:00:00+00:00
[2026-04-29T16:05:07.565+0000] {processor.py:183} INFO - Processing /opt/airflow/dags/diesel_emissions_pipeline.py took 0.140 seconds
[2026-04-29T16:05:38.001+0000] {processor.py:161} INFO - Started process (PID=537) to work on /opt/airflow/dags/diesel_emissions_pipeline.py
[2026-04-29T16:05:38.003+0000] {processor.py:830} INFO - Processing file /opt/airflow/dags/diesel_emissions_pipeline.py for tasks to queue
[2026-04-29T16:05:38.005+0000] {logging_mixin.py:188} INFO - [2026-04-29T16:05:38.004+0000] {dagbag.py:545} INFO - Filling up the DagBag from /opt/airflow/dags/diesel_emissions_pipeline.py
[2026-04-29T16:05:38.028+0000] {processor.py:840} INFO - DAG(s) 'diesel_emissions_pipeline' retrieved from /opt/airflow/dags/diesel_emissions_pipeline.py
[2026-04-29T16:05:38.068+0000] {logging_mixin.py:188} INFO - [2026-04-29T16:05:38.067+0000] {dag.py:3089} INFO - Sync 1 DAGs
[2026-04-29T16:05:38.097+0000] {logging_mixin.py:188} INFO - [2026-04-29T16:05:38.097+0000] {dag.py:3947} INFO - Setting next_dagrun for diesel_emissions_pipeline to 2026-04-28 06:00:00+00:00, run_after=2026-04-29 06:00:00+00:00
[2026-04-29T16:05:38.126+0000] {processor.py:183} INFO - Processing /opt/airflow/dags/diesel_emissions_pipeline.py took 0.131 seconds
[2026-04-29T16:06:08.462+0000] {processor.py:161} INFO - Started process (PID=548) to work on /opt/airflow/dags/diesel_emissions_pipeline.py
[2026-04-29T16:06:08.463+0000] {processor.py:830} INFO - Processing file /opt/airflow/dags/diesel_emissions_pipeline.py for tasks to queue
[2026-04-29T16:06:08.465+0000] {logging_mixin.py:188} INFO - [2026-04-29T16:06:08.465+0000] {dagbag.py:545} INFO - Filling up the DagBag from /opt/airflow/dags/diesel_emissions_pipeline.py
[2026-04-29T16:06:08.488+0000] {processor.py:840} INFO - DAG(s) 'diesel_emissions_pipeline' retrieved from /opt/airflow/dags/diesel_emissions_pipeline.py
[2026-04-29T16:06:08.528+0000] {logging_mixin.py:188} INFO - [2026-04-29T16:06:08.528+0000] {dag.py:3089} INFO - Sync 1 DAGs
[2026-04-29T16:06:08.558+0000] {logging_mixin.py:188} INFO - [2026-04-29T16:06:08.557+0000] {dag.py:3947} INFO - Setting next_dagrun for diesel_emissions_pipeline to 2026-04-28 06:00:00+00:00, run_after=2026-04-29 06:00:00+00:00
[2026-04-29T16:06:08.586+0000] {processor.py:183} INFO - Processing /opt/airflow/dags/diesel_emissions_pipeline.py took 0.131 seconds
[2026-04-29T16:06:39.113+0000] {processor.py:161} INFO - Started process (PID=559) to work on /opt/airflow/dags/diesel_emissions_pipeline.py
[2026-04-29T16:06:39.119+0000] {processor.py:830} INFO - Processing file /opt/airflow/dags/diesel_emissions_pipeline.py for tasks to queue
[2026-04-29T16:06:39.125+0000] {logging_mixin.py:188} INFO - [2026-04-29T16:06:39.124+0000] {dagbag.py:545} INFO - Filling up the DagBag from /opt/airflow/dags/diesel_emissions_pipeline.py
[2026-04-29T16:06:39.153+0000] {processor.py:840} INFO - DAG(s) 'diesel_emissions_pipeline' retrieved from /opt/airflow/dags/diesel_emissions_pipeline.py
[2026-04-29T16:06:39.196+0000] {logging_mixin.py:188} INFO - [2026-04-29T16:06:39.196+0000] {dag.py:3089} INFO - Sync 1 DAGs
[2026-04-29T16:06:39.228+0000] {logging_mixin.py:188} INFO - [2026-04-29T16:06:39.227+0000] {dag.py:3947} INFO - Setting next_dagrun for diesel_emissions_pipeline to 2026-04-28 06:00:00+00:00, run_after=2026-04-29 06:00:00+00:00
[2026-04-29T16:06:39.251+0000] {processor.py:183} INFO - Processing /opt/airflow/dags/diesel_emissions_pipeline.py took 0.160 seconds
[2026-04-29T16:07:09.387+0000] {processor.py:161} INFO - Started process (PID=571) to work on /opt/airflow/dags/diesel_emissions_pipeline.py
[2026-04-29T16:07:09.388+0000] {processor.py:830} INFO - Processing file /opt/airflow/dags/diesel_emissions_pipeline.py for tasks to queue
[2026-04-29T16:07:09.390+0000] {logging_mixin.py:188} INFO - [2026-04-29T16:07:09.390+0000] {dagbag.py:545} INFO - Filling up the DagBag from /opt/airflow/dags/diesel_emissions_pipeline.py
[2026-04-29T16:07:09.414+0000] {processor.py:840} INFO - DAG(s) 'diesel_emissions_pipeline' retrieved from /opt/airflow/dags/diesel_emissions_pipeline.py
[2026-04-29T16:07:09.453+0000] {logging_mixin.py:188} INFO - [2026-04-29T16:07:09.452+0000] {dag.py:3089} INFO - Sync 1 DAGs
[2026-04-29T16:07:09.483+0000] {logging_mixin.py:188} INFO - [2026-04-29T16:07:09.482+0000] {dag.py:3947} INFO - Setting next_dagrun for diesel_emissions_pipeline to 2026-04-28 06:00:00+00:00, run_after=2026-04-29 06:00:00+00:00
[2026-04-29T16:07:09.509+0000] {processor.py:183} INFO - Processing /opt/airflow/dags/diesel_emissions_pipeline.py took 0.129 seconds
[2026-04-29T16:07:39.811+0000] {processor.py:161} INFO - Started process (PID=587) to work on /opt/airflow/dags/diesel_emissions_pipeline.py
[2026-04-29T16:07:39.812+0000] {processor.py:830} INFO - Processing file /opt/airflow/dags/diesel_emissions_pipeline.py for tasks to queue
[2026-04-29T16:07:39.816+0000] {logging_mixin.py:188} INFO - [2026-04-29T16:07:39.815+0000] {dagbag.py:545} INFO - Filling up the DagBag from /opt/airflow/dags/diesel_emissions_pipeline.py
[2026-04-29T16:07:39.841+0000] {processor.py:840} INFO - DAG(s) 'diesel_emissions_pipeline' retrieved from /opt/airflow/dags/diesel_emissions_pipeline.py
[2026-04-29T16:07:39.881+0000] {logging_mixin.py:188} INFO - [2026-04-29T16:07:39.881+0000] {dag.py:3089} INFO - Sync 1 DAGs
[2026-04-29T16:07:39.909+0000] {logging_mixin.py:188} INFO - [2026-04-29T16:07:39.909+0000] {dag.py:3947} INFO - Setting next_dagrun for diesel_emissions_pipeline to 2026-04-28 06:00:00+00:00, run_after=2026-04-29 06:00:00+00:00
[2026-04-29T16:07:39.935+0000] {processor.py:183} INFO - Processing /opt/airflow/dags/diesel_emissions_pipeline.py took 0.133 seconds
[2026-04-29T16:08:10.221+0000] {processor.py:161} INFO - Started process (PID=598) to work on /opt/airflow/dags/diesel_emissions_pipeline.py
[2026-04-29T16:08:10.222+0000] {processor.py:830} INFO - Processing file /opt/airflow/dags/diesel_emissions_pipeline.py for tasks to queue
[2026-04-29T16:08:10.225+0000] {logging_mixin.py:188} INFO - [2026-04-29T16:08:10.224+0000] {dagbag.py:545} INFO - Filling up the DagBag from /opt/airflow/dags/diesel_emissions_pipeline.py
[2026-04-29T16:08:10.248+0000] {processor.py:840} INFO - DAG(s) 'diesel_emissions_pipeline' retrieved from /opt/airflow/dags/diesel_emissions_pipeline.py
[2026-04-29T16:08:10.294+0000] {logging_mixin.py:188} INFO - [2026-04-29T16:08:10.294+0000] {dag.py:3089} INFO - Sync 1 DAGs
[2026-04-29T16:08:10.324+0000] {logging_mixin.py:188} INFO - [2026-04-29T16:08:10.323+0000] {dag.py:3947} INFO - Setting next_dagrun for diesel_emissions_pipeline to 2026-04-28 06:00:00+00:00, run_after=2026-04-29 06:00:00+00:00
[2026-04-29T16:08:10.351+0000] {processor.py:183} INFO - Processing /opt/airflow/dags/diesel_emissions_pipeline.py took 0.136 seconds
[2026-04-29T16:08:40.570+0000] {processor.py:161} INFO - Started process (PID=609) to work on /opt/airflow/dags/diesel_emissions_pipeline.py
[2026-04-29T16:08:40.571+0000] {processor.py:830} INFO - Processing file /opt/airflow/dags/diesel_emissions_pipeline.py for tasks to queue
[2026-04-29T16:08:40.574+0000] {logging_mixin.py:188} INFO - [2026-04-29T16:08:40.573+0000] {dagbag.py:545} INFO - Filling up the DagBag from /opt/airflow/dags/diesel_emissions_pipeline.py
[2026-04-29T16:08:40.594+0000] {processor.py:840} INFO - DAG(s) 'diesel_emissions_pipeline' retrieved from /opt/airflow/dags/diesel_emissions_pipeline.py
[2026-04-29T16:08:40.637+0000] {logging_mixin.py:188} INFO - [2026-04-29T16:08:40.637+0000] {dag.py:3089} INFO - Sync 1 DAGs
[2026-04-29T16:08:40.669+0000] {logging_mixin.py:188} INFO - [2026-04-29T16:08:40.669+0000] {dag.py:3947} INFO - Setting next_dagrun for diesel_emissions_pipeline to 2026-04-28 06:00:00+00:00, run_after=2026-04-29 06:00:00+00:00
[2026-04-29T16:08:40.699+0000] {processor.py:183} INFO - Processing /opt/airflow/dags/diesel_emissions_pipeline.py took 0.136 seconds
[2026-04-29T16:09:11.032+0000] {processor.py:161} INFO - Started process (PID=620) to work on /opt/airflow/dags/diesel_emissions_pipeline.py
[2026-04-29T16:09:11.033+0000] {processor.py:830} INFO - Processing file /opt/airflow/dags/diesel_emissions_pipeline.py for tasks to queue
[2026-04-29T16:09:11.036+0000] {logging_mixin.py:188} INFO - [2026-04-29T16:09:11.035+0000] {dagbag.py:545} INFO - Filling up the DagBag from /opt/airflow/dags/diesel_emissions_pipeline.py
[2026-04-29T16:09:11.061+0000] {processor.py:840} INFO - DAG(s) 'diesel_emissions_pipeline' retrieved from /opt/airflow/dags/diesel_emissions_pipeline.py
[2026-04-29T16:09:11.101+0000] {logging_mixin.py:188} INFO - [2026-04-29T16:09:11.101+0000] {dag.py:3089} INFO - Sync 1 DAGs
[2026-04-29T16:09:11.135+0000] {logging_mixin.py:188} INFO - [2026-04-29T16:09:11.135+0000] {dag.py:3947} INFO - Setting next_dagrun for diesel_emissions_pipeline to 2026-04-28 06:00:00+00:00, run_after=2026-04-29 06:00:00+00:00
[2026-04-29T16:09:11.165+0000] {processor.py:183} INFO - Processing /opt/airflow/dags/diesel_emissions_pipeline.py took 0.140 seconds
[2026-04-29T16:09:41.400+0000] {processor.py:161} INFO - Started process (PID=631) to work on /opt/airflow/dags/diesel_emissions_pipeline.py
[2026-04-29T16:09:41.401+0000] {processor.py:830} INFO - Processing file /opt/airflow/dags/diesel_emissions_pipeline.py for tasks to queue
[2026-04-29T16:09:41.404+0000] {logging_mixin.py:188} INFO - [2026-04-29T16:09:41.404+0000] {dagbag.py:545} INFO - Filling up the DagBag from /opt/airflow/dags/diesel_emissions_pipeline.py
[2026-04-29T16:09:41.430+0000] {processor.py:840} INFO - DAG(s) 'diesel_emissions_pipeline' retrieved from /opt/airflow/dags/diesel_emissions_pipeline.py
[2026-04-29T16:09:41.473+0000] {logging_mixin.py:188} INFO - [2026-04-29T16:09:41.473+0000] {dag.py:3089} INFO - Sync 1 DAGs
[2026-04-29T16:09:41.503+0000] {logging_mixin.py:188} INFO - [2026-04-29T16:09:41.502+0000] {dag.py:3947} INFO - Setting next_dagrun for diesel_emissions_pipeline to 2026-04-28 06:00:00+00:00, run_after=2026-04-29 06:00:00+00:00
[2026-04-29T16:09:41.531+0000] {processor.py:183} INFO - Processing /opt/airflow/dags/diesel_emissions_pipeline.py took 0.140 seconds
[2026-04-29T16:10:12.080+0000] {processor.py:161} INFO - Started process (PID=642) to work on /opt/airflow/dags/diesel_emissions_pipeline.py
[2026-04-29T16:10:12.081+0000] {processor.py:830} INFO - Processing file /opt/airflow/dags/diesel_emissions_pipeline.py for tasks to queue
[2026-04-29T16:10:12.084+0000] {logging_mixin.py:188} INFO - [2026-04-29T16:10:12.084+0000] {dagbag.py:545} INFO - Filling up the DagBag from /opt/airflow/dags/diesel_emissions_pipeline.py
[2026-04-29T16:10:12.111+0000] {processor.py:840} INFO - DAG(s) 'diesel_emissions_pipeline' retrieved from /opt/airflow/dags/diesel_emissions_pipeline.py
[2026-04-29T16:10:12.154+0000] {logging_mixin.py:188} INFO - [2026-04-29T16:10:12.154+0000] {dag.py:3089} INFO - Sync 1 DAGs
[2026-04-29T16:10:12.184+0000] {logging_mixin.py:188} INFO - [2026-04-29T16:10:12.184+0000] {dag.py:3947} INFO - Setting next_dagrun for diesel_emissions_pipeline to 2026-04-28 06:00:00+00:00, run_after=2026-04-29 06:00:00+00:00
[2026-04-29T16:10:12.210+0000] {processor.py:183} INFO - Processing /opt/airflow/dags/diesel_emissions_pipeline.py took 0.138 seconds
[2026-04-29T16:10:42.459+0000] {processor.py:161} INFO - Started process (PID=654) to work on /opt/airflow/dags/diesel_emissions_pipeline.py
[2026-04-29T16:10:42.460+0000] {processor.py:830} INFO - Processing file /opt/airflow/dags/diesel_emissions_pipeline.py for tasks to queue
[2026-04-29T16:10:42.463+0000] {logging_mixin.py:188} INFO - [2026-04-29T16:10:42.463+0000] {dagbag.py:545} INFO - Filling up the DagBag from /opt/airflow/dags/diesel_emissions_pipeline.py
[2026-04-29T16:10:42.492+0000] {processor.py:840} INFO - DAG(s) 'diesel_emissions_pipeline' retrieved from /opt/airflow/dags/diesel_emissions_pipeline.py
[2026-04-29T16:10:42.538+0000] {logging_mixin.py:188} INFO - [2026-04-29T16:10:42.537+0000] {dag.py:3089} INFO - Sync 1 DAGs
[2026-04-29T16:10:42.574+0000] {logging_mixin.py:188} INFO - [2026-04-29T16:10:42.573+0000] {dag.py:3947} INFO - Setting next_dagrun for diesel_emissions_pipeline to 2026-04-28 06:00:00+00:00, run_after=2026-04-29 06:00:00+00:00
[2026-04-29T16:10:42.606+0000] {processor.py:183} INFO - Processing /opt/airflow/dags/diesel_emissions_pipeline.py took 0.155 seconds
[2026-04-29T16:11:12.846+0000] {processor.py:161} INFO - Started process (PID=665) to work on /opt/airflow/dags/diesel_emissions_pipeline.py
[2026-04-29T16:11:12.847+0000] {processor.py:830} INFO - Processing file /opt/airflow/dags/diesel_emissions_pipeline.py for tasks to queue
[2026-04-29T16:11:12.850+0000] {logging_mixin.py:188} INFO - [2026-04-29T16:11:12.850+0000] {dagbag.py:545} INFO - Filling up the DagBag from /opt/airflow/dags/diesel_emissions_pipeline.py
[2026-04-29T16:11:12.876+0000] {processor.py:840} INFO - DAG(s) 'diesel_emissions_pipeline' retrieved from /opt/airflow/dags/diesel_emissions_pipeline.py
[2026-04-29T16:11:12.915+0000] {logging_mixin.py:188} INFO - [2026-04-29T16:11:12.915+0000] {dag.py:3089} INFO - Sync 1 DAGs
[2026-04-29T16:11:12.942+0000] {logging_mixin.py:188} INFO - [2026-04-29T16:11:12.942+0000] {dag.py:3947} INFO - Setting next_dagrun for diesel_emissions_pipeline to 2026-04-28 06:00:00+00:00, run_after=2026-04-29 06:00:00+00:00
[2026-04-29T16:11:12.969+0000] {processor.py:183} INFO - Processing /opt/airflow/dags/diesel_emissions_pipeline.py took 0.130 seconds
[2026-04-29T16:11:43.292+0000] {processor.py:161} INFO - Started process (PID=676) to work on /opt/airflow/dags/diesel_emissions_pipeline.py
[2026-04-29T16:11:43.293+0000] {processor.py:830} INFO - Processing file /opt/airflow/dags/diesel_emissions_pipeline.py for tasks to queue
[2026-04-29T16:11:43.296+0000] {logging_mixin.py:188} INFO - [2026-04-29T16:11:43.296+0000] {dagbag.py:545} INFO - Filling up the DagBag from /opt/airflow/dags/diesel_emissions_pipeline.py
[2026-04-29T16:11:43.345+0000] {processor.py:840} INFO - DAG(s) 'diesel_emissions_pipeline' retrieved from /opt/airflow/dags/diesel_emissions_pipeline.py
[2026-04-29T16:11:43.425+0000] {logging_mixin.py:188} INFO - [2026-04-29T16:11:43.424+0000] {dag.py:3089} INFO - Sync 1 DAGs
[2026-04-29T16:11:43.471+0000] {logging_mixin.py:188} INFO - [2026-04-29T16:11:43.470+0000] {dag.py:3947} INFO - Setting next_dagrun for diesel_emissions_pipeline to 2026-04-28 06:00:00+00:00, run_after=2026-04-29 06:00:00+00:00
[2026-04-29T16:11:43.516+0000] {processor.py:183} INFO - Processing /opt/airflow/dags/diesel_emissions_pipeline.py took 0.234 seconds
[2026-04-29T16:12:13.761+0000] {processor.py:161} INFO - Started process (PID=687) to work on /opt/airflow/dags/diesel_emissions_pipeline.py
[2026-04-29T16:12:13.763+0000] {processor.py:830} INFO - Processing file /opt/airflow/dags/diesel_emissions_pipeline.py for tasks to queue
[2026-04-29T16:12:13.767+0000] {logging_mixin.py:188} INFO - [2026-04-29T16:12:13.766+0000] {dagbag.py:545} INFO - Filling up the DagBag from /opt/airflow/dags/diesel_emissions_pipeline.py
[2026-04-29T16:12:13.795+0000] {processor.py:840} INFO - DAG(s) 'diesel_emissions_pipeline' retrieved from /opt/airflow/dags/diesel_emissions_pipeline.py
[2026-04-29T16:12:13.838+0000] {logging_mixin.py:188} INFO - [2026-04-29T16:12:13.838+0000] {dag.py:3089} INFO - Sync 1 DAGs
[2026-04-29T16:12:13.869+0000] {logging_mixin.py:188} INFO - [2026-04-29T16:12:13.869+0000] {dag.py:3947} INFO - Setting next_dagrun for diesel_emissions_pipeline to 2026-04-28 06:00:00+00:00, run_after=2026-04-29 06:00:00+00:00
[2026-04-29T16:12:13.897+0000] {processor.py:183} INFO - Processing /opt/airflow/dags/diesel_emissions_pipeline.py took 0.157 seconds
[2026-04-29T16:12:44.241+0000] {processor.py:161} INFO - Started process (PID=698) to work on /opt/airflow/dags/diesel_emissions_pipeline.py
[2026-04-29T16:12:44.243+0000] {processor.py:830} INFO - Processing file /opt/airflow/dags/diesel_emissions_pipeline.py for tasks to queue
[2026-04-29T16:12:44.245+0000] {logging_mixin.py:188} INFO - [2026-04-29T16:12:44.244+0000] {dagbag.py:545} INFO - Filling up the DagBag from /opt/airflow/dags/diesel_emissions_pipeline.py
[2026-04-29T16:12:44.270+0000] {processor.py:840} INFO - DAG(s) 'diesel_emissions_pipeline' retrieved from /opt/airflow/dags/diesel_emissions_pipeline.py
[2026-04-29T16:12:44.311+0000] {logging_mixin.py:188} INFO - [2026-04-29T16:12:44.311+0000] {dag.py:3089} INFO - Sync 1 DAGs
[2026-04-29T16:12:44.344+0000] {logging_mixin.py:188} INFO - [2026-04-29T16:12:44.344+0000] {dag.py:3947} INFO - Setting next_dagrun for diesel_emissions_pipeline to 2026-04-28 06:00:00+00:00, run_after=2026-04-29 06:00:00+00:00
[2026-04-29T16:12:44.374+0000] {processor.py:183} INFO - Processing /opt/airflow/dags/diesel_emissions_pipeline.py took 0.138 seconds
[2026-04-29T16:13:14.652+0000] {processor.py:161} INFO - Started process (PID=709) to work on /opt/airflow/dags/diesel_emissions_pipeline.py
[2026-04-29T16:13:14.653+0000] {processor.py:830} INFO - Processing file /opt/airflow/dags/diesel_emissions_pipeline.py for tasks to queue
[2026-04-29T16:13:14.656+0000] {logging_mixin.py:188} INFO - [2026-04-29T16:13:14.655+0000] {dagbag.py:545} INFO - Filling up the DagBag from /opt/airflow/dags/diesel_emissions_pipeline.py
[2026-04-29T16:13:14.681+0000] {processor.py:840} INFO - DAG(s) 'diesel_emissions_pipeline' retrieved from /opt/airflow/dags/diesel_emissions_pipeline.py
[2026-04-29T16:13:14.726+0000] {logging_mixin.py:188} INFO - [2026-04-29T16:13:14.726+0000] {dag.py:3089} INFO - Sync 1 DAGs
[2026-04-29T16:13:14.758+0000] {logging_mixin.py:188} INFO - [2026-04-29T16:13:14.757+0000] {dag.py:3947} INFO - Setting next_dagrun for diesel_emissions_pipeline to 2026-04-28 06:00:00+00:00, run_after=2026-04-29 06:00:00+00:00
[2026-04-29T16:13:14.787+0000] {processor.py:183} INFO - Processing /opt/airflow/dags/diesel_emissions_pipeline.py took 0.142 seconds
[2026-04-29T16:13:45.134+0000] {processor.py:161} INFO - Started process (PID=720) to work on /opt/airflow/dags/diesel_emissions_pipeline.py
[2026-04-29T16:13:45.136+0000] {processor.py:830} INFO - Processing file /opt/airflow/dags/diesel_emissions_pipeline.py for tasks to queue
[2026-04-29T16:13:45.139+0000] {logging_mixin.py:188} INFO - [2026-04-29T16:13:45.138+0000] {dagbag.py:545} INFO - Filling up the DagBag from /opt/airflow/dags/diesel_emissions_pipeline.py
[2026-04-29T16:13:45.165+0000] {processor.py:840} INFO - DAG(s) 'diesel_emissions_pipeline' retrieved from /opt/airflow/dags/diesel_emissions_pipeline.py
[2026-04-29T16:13:45.209+0000] {logging_mixin.py:188} INFO - [2026-04-29T16:13:45.209+0000] {dag.py:3089} INFO - Sync 1 DAGs
[2026-04-29T16:13:45.239+0000] {logging_mixin.py:188} INFO - [2026-04-29T16:13:45.239+0000] {dag.py:3947} INFO - Setting next_dagrun for diesel_emissions_pipeline to 2026-04-28 06:00:00+00:00, run_after=2026-04-29 06:00:00+00:00
[2026-04-29T16:13:45.266+0000] {processor.py:183} INFO - Processing /opt/airflow/dags/diesel_emissions_pipeline.py took 0.139 seconds
[2026-04-29T16:14:15.493+0000] {processor.py:161} INFO - Started process (PID=731) to work on /opt/airflow/dags/diesel_emissions_pipeline.py
[2026-04-29T16:14:15.495+0000] {processor.py:830} INFO - Processing file /opt/airflow/dags/diesel_emissions_pipeline.py for tasks to queue
[2026-04-29T16:14:15.497+0000] {logging_mixin.py:188} INFO - [2026-04-29T16:14:15.497+0000] {dagbag.py:545} INFO - Filling up the DagBag from /opt/airflow/dags/diesel_emissions_pipeline.py
[2026-04-29T16:14:15.523+0000] {processor.py:840} INFO - DAG(s) 'diesel_emissions_pipeline' retrieved from /opt/airflow/dags/diesel_emissions_pipeline.py
[2026-04-29T16:14:15.581+0000] {logging_mixin.py:188} INFO - [2026-04-29T16:14:15.581+0000] {dag.py:3089} INFO - Sync 1 DAGs
[2026-04-29T16:14:15.619+0000] {logging_mixin.py:188} INFO - [2026-04-29T16:14:15.619+0000] {dag.py:3947} INFO - Setting next_dagrun for diesel_emissions_pipeline to 2026-04-28 06:00:00+00:00, run_after=2026-04-29 06:00:00+00:00
[2026-04-29T16:14:15.654+0000] {processor.py:183} INFO - Processing /opt/airflow/dags/diesel_emissions_pipeline.py took 0.169 seconds
[2026-04-29T16:14:45.731+0000] {processor.py:161} INFO - Started process (PID=742) to work on /opt/airflow/dags/diesel_emissions_pipeline.py
[2026-04-29T16:14:45.732+0000] {processor.py:830} INFO - Processing file /opt/airflow/dags/diesel_emissions_pipeline.py for tasks to queue
[2026-04-29T16:14:45.735+0000] {logging_mixin.py:188} INFO - [2026-04-29T16:14:45.734+0000] {dagbag.py:545} INFO - Filling up the DagBag from /opt/airflow/dags/diesel_emissions_pipeline.py
[2026-04-29T16:14:45.766+0000] {processor.py:840} INFO - DAG(s) 'diesel_emissions_pipeline' retrieved from /opt/airflow/dags/diesel_emissions_pipeline.py
[2026-04-29T16:14:45.808+0000] {logging_mixin.py:188} INFO - [2026-04-29T16:14:45.808+0000] {dag.py:3089} INFO - Sync 1 DAGs
[2026-04-29T16:14:45.839+0000] {logging_mixin.py:188} INFO - [2026-04-29T16:14:45.838+0000] {dag.py:3947} INFO - Setting next_dagrun for diesel_emissions_pipeline to 2026-04-28 06:00:00+00:00, run_after=2026-04-29 06:00:00+00:00
[2026-04-29T16:14:45.868+0000] {processor.py:183} INFO - Processing /opt/airflow/dags/diesel_emissions_pipeline.py took 0.145 seconds
[2026-04-29T16:15:16.163+0000] {processor.py:161} INFO - Started process (PID=753) to work on /opt/airflow/dags/diesel_emissions_pipeline.py
[2026-04-29T16:15:16.164+0000] {processor.py:830} INFO - Processing file /opt/airflow/dags/diesel_emissions_pipeline.py for tasks to queue
[2026-04-29T16:15:16.167+0000] {logging_mixin.py:188} INFO - [2026-04-29T16:15:16.166+0000] {dagbag.py:545} INFO - Filling up the DagBag from /opt/airflow/dags/diesel_emissions_pipeline.py
[2026-04-29T16:15:16.192+0000] {processor.py:840} INFO - DAG(s) 'diesel_emissions_pipeline' retrieved from /opt/airflow/dags/diesel_emissions_pipeline.py
[2026-04-29T16:15:16.235+0000] {logging_mixin.py:188} INFO - [2026-04-29T16:15:16.235+0000] {dag.py:3089} INFO - Sync 1 DAGs
[2026-04-29T16:15:16.268+0000] {logging_mixin.py:188} INFO - [2026-04-29T16:15:16.267+0000] {dag.py:3947} INFO - Setting next_dagrun for diesel_emissions_pipeline to 2026-04-28 06:00:00+00:00, run_after=2026-04-29 06:00:00+00:00
[2026-04-29T16:15:16.296+0000] {processor.py:183} INFO - Processing /opt/airflow/dags/diesel_emissions_pipeline.py took 0.140 seconds
[2026-04-29T16:15:46.621+0000] {processor.py:161} INFO - Started process (PID=764) to work on /opt/airflow/dags/diesel_emissions_pipeline.py
[2026-04-29T16:15:46.623+0000] {processor.py:830} INFO - Processing file /opt/airflow/dags/diesel_emissions_pipeline.py for tasks to queue
[2026-04-29T16:15:46.626+0000] {logging_mixin.py:188} INFO - [2026-04-29T16:15:46.625+0000] {dagbag.py:545} INFO - Filling up the DagBag from /opt/airflow/dags/diesel_emissions_pipeline.py
[2026-04-29T16:15:46.652+0000] {processor.py:840} INFO - DAG(s) 'diesel_emissions_pipeline' retrieved from /opt/airflow/dags/diesel_emissions_pipeline.py
[2026-04-29T16:15:46.694+0000] {logging_mixin.py:188} INFO - [2026-04-29T16:15:46.694+0000] {dag.py:3089} INFO - Sync 1 DAGs
[2026-04-29T16:15:46.724+0000] {logging_mixin.py:188} INFO - [2026-04-29T16:15:46.724+0000] {dag.py:3947} INFO - Setting next_dagrun for diesel_emissions_pipeline to 2026-04-28 06:00:00+00:00, run_after=2026-04-29 06:00:00+00:00
[2026-04-29T16:15:46.752+0000] {processor.py:183} INFO - Processing /opt/airflow/dags/diesel_emissions_pipeline.py took 0.138 seconds
[2026-04-29T16:16:17.249+0000] {processor.py:161} INFO - Started process (PID=775) to work on /opt/airflow/dags/diesel_emissions_pipeline.py
[2026-04-29T16:16:17.251+0000] {processor.py:830} INFO - Processing file /opt/airflow/dags/diesel_emissions_pipeline.py for tasks to queue
[2026-04-29T16:16:17.253+0000] {logging_mixin.py:188} INFO - [2026-04-29T16:16:17.253+0000] {dagbag.py:545} INFO - Filling up the DagBag from /opt/airflow/dags/diesel_emissions_pipeline.py
[2026-04-29T16:16:17.276+0000] {processor.py:840} INFO - DAG(s) 'diesel_emissions_pipeline' retrieved from /opt/airflow/dags/diesel_emissions_pipeline.py
[2026-04-29T16:16:17.316+0000] {logging_mixin.py:188} INFO - [2026-04-29T16:16:17.316+0000] {dag.py:3089} INFO - Sync 1 DAGs
[2026-04-29T16:16:17.346+0000] {logging_mixin.py:188} INFO - [2026-04-29T16:16:17.345+0000] {dag.py:3947} INFO - Setting next_dagrun for diesel_emissions_pipeline to 2026-04-28 06:00:00+00:00, run_after=2026-04-29 06:00:00+00:00
[2026-04-29T16:16:17.373+0000] {processor.py:183} INFO - Processing /opt/airflow/dags/diesel_emissions_pipeline.py took 0.130 seconds
[2026-04-29T16:16:47.762+0000] {processor.py:161} INFO - Started process (PID=786) to work on /opt/airflow/dags/diesel_emissions_pipeline.py
[2026-04-29T16:16:47.763+0000] {processor.py:830} INFO - Processing file /opt/airflow/dags/diesel_emissions_pipeline.py for tasks to queue
[2026-04-29T16:16:47.766+0000] {logging_mixin.py:188} INFO - [2026-04-29T16:16:47.765+0000] {dagbag.py:545} INFO - Filling up the DagBag from /opt/airflow/dags/diesel_emissions_pipeline.py
[2026-04-29T16:16:47.791+0000] {processor.py:840} INFO - DAG(s) 'diesel_emissions_pipeline' retrieved from /opt/airflow/dags/diesel_emissions_pipeline.py
[2026-04-29T16:16:47.830+0000] {logging_mixin.py:188} INFO - [2026-04-29T16:16:47.830+0000] {dag.py:3089} INFO - Sync 1 DAGs
[2026-04-29T16:16:47.861+0000] {logging_mixin.py:188} INFO - [2026-04-29T16:16:47.861+0000] {dag.py:3947} INFO - Setting next_dagrun for diesel_emissions_pipeline to 2026-04-28 06:00:00+00:00, run_after=2026-04-29 06:00:00+00:00
[2026-04-29T16:16:47.886+0000] {processor.py:183} INFO - Processing /opt/airflow/dags/diesel_emissions_pipeline.py took 0.131 seconds
[2026-04-29T16:17:18.333+0000] {processor.py:161} INFO - Started process (PID=797) to work on /opt/airflow/dags/diesel_emissions_pipeline.py
[2026-04-29T16:17:18.334+0000] {processor.py:830} INFO - Processing file /opt/airflow/dags/diesel_emissions_pipeline.py for tasks to queue
[2026-04-29T16:17:18.337+0000] {logging_mixin.py:188} INFO - [2026-04-29T16:17:18.336+0000] {dagbag.py:545} INFO - Filling up the DagBag from /opt/airflow/dags/diesel_emissions_pipeline.py
[2026-04-29T16:17:18.360+0000] {processor.py:840} INFO - DAG(s) 'diesel_emissions_pipeline' retrieved from /opt/airflow/dags/diesel_emissions_pipeline.py
[2026-04-29T16:17:18.397+0000] {logging_mixin.py:188} INFO - [2026-04-29T16:17:18.397+0000] {dag.py:3089} INFO - Sync 1 DAGs
[2026-04-29T16:17:18.424+0000] {logging_mixin.py:188} INFO - [2026-04-29T16:17:18.424+0000] {dag.py:3947} INFO - Setting next_dagrun for diesel_emissions_pipeline to 2026-04-28 06:00:00+00:00, run_after=2026-04-29 06:00:00+00:00
[2026-04-29T16:17:18.451+0000] {processor.py:183} INFO - Processing /opt/airflow/dags/diesel_emissions_pipeline.py took 0.124 seconds
[2026-04-29T16:17:48.756+0000] {processor.py:161} INFO - Started process (PID=808) to work on /opt/airflow/dags/diesel_emissions_pipeline.py
[2026-04-29T16:17:48.758+0000] {processor.py:830} INFO - Processing file /opt/airflow/dags/diesel_emissions_pipeline.py for tasks to queue
[2026-04-29T16:17:48.761+0000] {logging_mixin.py:188} INFO - [2026-04-29T16:17:48.760+0000] {dagbag.py:545} INFO - Filling up the DagBag from /opt/airflow/dags/diesel_emissions_pipeline.py
[2026-04-29T16:17:48.786+0000] {processor.py:840} INFO - DAG(s) 'diesel_emissions_pipeline' retrieved from /opt/airflow/dags/diesel_emissions_pipeline.py
[2026-04-29T16:17:48.830+0000] {logging_mixin.py:188} INFO - [2026-04-29T16:17:48.830+0000] {dag.py:3089} INFO - Sync 1 DAGs
[2026-04-29T16:17:48.861+0000] {logging_mixin.py:188} INFO - [2026-04-29T16:17:48.861+0000] {dag.py:3947} INFO - Setting next_dagrun for diesel_emissions_pipeline to 2026-04-28 06:00:00+00:00, run_after=2026-04-29 06:00:00+00:00
[2026-04-29T16:17:48.890+0000] {processor.py:183} INFO - Processing /opt/airflow/dags/diesel_emissions_pipeline.py took 0.142 seconds
[2026-04-29T16:18:19.372+0000] {processor.py:161} INFO - Started process (PID=819) to work on /opt/airflow/dags/diesel_emissions_pipeline.py
[2026-04-29T16:18:19.373+0000] {processor.py:830} INFO - Processing file /opt/airflow/dags/diesel_emissions_pipeline.py for tasks to queue
[2026-04-29T16:18:19.376+0000] {logging_mixin.py:188} INFO - [2026-04-29T16:18:19.375+0000] {dagbag.py:545} INFO - Filling up the DagBag from /opt/airflow/dags/diesel_emissions_pipeline.py
[2026-04-29T16:18:19.400+0000] {processor.py:840} INFO - DAG(s) 'diesel_emissions_pipeline' retrieved from /opt/airflow/dags/diesel_emissions_pipeline.py
[2026-04-29T16:18:19.440+0000] {logging_mixin.py:188} INFO - [2026-04-29T16:18:19.440+0000] {dag.py:3089} INFO - Sync 1 DAGs
[2026-04-29T16:18:19.471+0000] {logging_mixin.py:188} INFO - [2026-04-29T16:18:19.470+0000] {dag.py:3947} INFO - Setting next_dagrun for diesel_emissions_pipeline to 2026-04-28 06:00:00+00:00, run_after=2026-04-29 06:00:00+00:00
[2026-04-29T16:18:19.497+0000] {processor.py:183} INFO - Processing /opt/airflow/dags/diesel_emissions_pipeline.py took 0.131 seconds
[2026-04-29T16:18:49.853+0000] {processor.py:161} INFO - Started process (PID=830) to work on /opt/airflow/dags/diesel_emissions_pipeline.py
[2026-04-29T16:18:49.855+0000] {processor.py:830} INFO - Processing file /opt/airflow/dags/diesel_emissions_pipeline.py for tasks to queue
[2026-04-29T16:18:49.857+0000] {logging_mixin.py:188} INFO - [2026-04-29T16:18:49.856+0000] {dagbag.py:545} INFO - Filling up the DagBag from /opt/airflow/dags/diesel_emissions_pipeline.py
[2026-04-29T16:18:49.882+0000] {processor.py:840} INFO - DAG(s) 'diesel_emissions_pipeline' retrieved from /opt/airflow/dags/diesel_emissions_pipeline.py
[2026-04-29T16:18:49.921+0000] {logging_mixin.py:188} INFO - [2026-04-29T16:18:49.920+0000] {dag.py:3089} INFO - Sync 1 DAGs
[2026-04-29T16:18:49.950+0000] {logging_mixin.py:188} INFO - [2026-04-29T16:18:49.949+0000] {dag.py:3947} INFO - Setting next_dagrun for diesel_emissions_pipeline to 2026-04-28 06:00:00+00:00, run_after=2026-04-29 06:00:00+00:00
[2026-04-29T16:18:49.976+0000] {processor.py:183} INFO - Processing /opt/airflow/dags/diesel_emissions_pipeline.py took 0.130 seconds
[2026-04-29T16:19:20.337+0000] {processor.py:161} INFO - Started process (PID=841) to work on /opt/airflow/dags/diesel_emissions_pipeline.py
[2026-04-29T16:19:20.338+0000] {processor.py:830} INFO - Processing file /opt/airflow/dags/diesel_emissions_pipeline.py for tasks to queue
[2026-04-29T16:19:20.341+0000] {logging_mixin.py:188} INFO - [2026-04-29T16:19:20.340+0000] {dagbag.py:545} INFO - Filling up the DagBag from /opt/airflow/dags/diesel_emissions_pipeline.py
[2026-04-29T16:19:20.365+0000] {processor.py:840} INFO - DAG(s) 'diesel_emissions_pipeline' retrieved from /opt/airflow/dags/diesel_emissions_pipeline.py
[2026-04-29T16:19:20.404+0000] {logging_mixin.py:188} INFO - [2026-04-29T16:19:20.403+0000] {dag.py:3089} INFO - Sync 1 DAGs
[2026-04-29T16:19:20.433+0000] {logging_mixin.py:188} INFO - [2026-04-29T16:19:20.433+0000] {dag.py:3947} INFO - Setting next_dagrun for diesel_emissions_pipeline to 2026-04-28 06:00:00+00:00, run_after=2026-04-29 06:00:00+00:00
[2026-04-29T16:19:20.461+0000] {processor.py:183} INFO - Processing /opt/airflow/dags/diesel_emissions_pipeline.py took 0.131 seconds
[2026-04-29T16:19:50.744+0000] {processor.py:161} INFO - Started process (PID=852) to work on /opt/airflow/dags/diesel_emissions_pipeline.py
[2026-04-29T16:19:50.745+0000] {processor.py:830} INFO - Processing file /opt/airflow/dags/diesel_emissions_pipeline.py for tasks to queue
[2026-04-29T16:19:50.748+0000] {logging_mixin.py:188} INFO - [2026-04-29T16:19:50.748+0000] {dagbag.py:545} INFO - Filling up the DagBag from /opt/airflow/dags/diesel_emissions_pipeline.py
[2026-04-29T16:19:50.770+0000] {processor.py:840} INFO - DAG(s) 'diesel_emissions_pipeline' retrieved from /opt/airflow/dags/diesel_emissions_pipeline.py
[2026-04-29T16:19:50.810+0000] {logging_mixin.py:188} INFO - [2026-04-29T16:19:50.810+0000] {dag.py:3089} INFO - Sync 1 DAGs
[2026-04-29T16:19:50.839+0000] {logging_mixin.py:188} INFO - [2026-04-29T16:19:50.839+0000] {dag.py:3947} INFO - Setting next_dagrun for diesel_emissions_pipeline to 2026-04-28 06:00:00+00:00, run_after=2026-04-29 06:00:00+00:00
[2026-04-29T16:19:50.866+0000] {processor.py:183} INFO - Processing /opt/airflow/dags/diesel_emissions_pipeline.py took 0.131 seconds
[2026-04-29T16:20:21.328+0000] {processor.py:161} INFO - Started process (PID=863) to work on /opt/airflow/dags/diesel_emissions_pipeline.py
[2026-04-29T16:20:21.330+0000] {processor.py:830} INFO - Processing file /opt/airflow/dags/diesel_emissions_pipeline.py for tasks to queue
[2026-04-29T16:20:21.333+0000] {logging_mixin.py:188} INFO - [2026-04-29T16:20:21.333+0000] {dagbag.py:545} INFO - Filling up the DagBag from /opt/airflow/dags/diesel_emissions_pipeline.py
[2026-04-29T16:20:21.373+0000] {processor.py:840} INFO - DAG(s) 'diesel_emissions_pipeline' retrieved from /opt/airflow/dags/diesel_emissions_pipeline.py
[2026-04-29T16:20:21.432+0000] {logging_mixin.py:188} INFO - [2026-04-29T16:20:21.431+0000] {dag.py:3089} INFO - Sync 1 DAGs
[2026-04-29T16:20:21.467+0000] {logging_mixin.py:188} INFO - [2026-04-29T16:20:21.467+0000] {dag.py:3947} INFO - Setting next_dagrun for diesel_emissions_pipeline to 2026-04-28 06:00:00+00:00, run_after=2026-04-29 06:00:00+00:00
[2026-04-29T16:20:21.498+0000] {processor.py:183} INFO - Processing /opt/airflow/dags/diesel_emissions_pipeline.py took 0.180 seconds
[2026-04-29T16:20:51.665+0000] {processor.py:161} INFO - Started process (PID=874) to work on /opt/airflow/dags/diesel_emissions_pipeline.py
[2026-04-29T16:20:51.667+0000] {processor.py:830} INFO - Processing file /opt/airflow/dags/diesel_emissions_pipeline.py for tasks to queue
[2026-04-29T16:20:51.671+0000] {logging_mixin.py:188} INFO - [2026-04-29T16:20:51.670+0000] {dagbag.py:545} INFO - Filling up the DagBag from /opt/airflow/dags/diesel_emissions_pipeline.py
[2026-04-29T16:20:51.699+0000] {processor.py:840} INFO - DAG(s) 'diesel_emissions_pipeline' retrieved from /opt/airflow/dags/diesel_emissions_pipeline.py
[2026-04-29T16:20:51.748+0000] {logging_mixin.py:188} INFO - [2026-04-29T16:20:51.747+0000] {dag.py:3089} INFO - Sync 1 DAGs
[2026-04-29T16:20:51.782+0000] {logging_mixin.py:188} INFO - [2026-04-29T16:20:51.782+0000] {dag.py:3947} INFO - Setting next_dagrun for diesel_emissions_pipeline to 2026-04-28 06:00:00+00:00, run_after=2026-04-29 06:00:00+00:00
[2026-04-29T16:20:51.809+0000] {processor.py:183} INFO - Processing /opt/airflow/dags/diesel_emissions_pipeline.py took 0.155 seconds
